// Vitest Snapshot v1

exports[`html-parse > code frame > html 1`] = `
"<p>Testing code block</p><p><pre><code class=\\"language-ts\\">import { useMouse, usePreferredDark } from &#39;@vueuse/core&#39;
// tracks mouse position
const { x, y } = useMouse()
// is the user prefers dark theme
const isDark = usePreferredDark()</code></pre></p>"
`;

exports[`html-parse > code frame > text 1`] = `
"Testing code block

\`\`\`ts
import { useMouse, usePreferredDark } from &#39;@vueuse/core&#39;
// tracks mouse position
const { x, y } = useMouse()
// is the user prefers dark theme
const isDark = usePreferredDark()
\`\`\`"
`;

exports[`html-parse > code frame 2 > html 1`] = `
"<p>
  <span class=\\"h-card\\"
    ><a href=\\"https://mas.to/@antfu\\" class=\\"u-url mention\\"
      >@<span>antfu</span></a
    ></span
  >
  Testing<br />
  <pre><code class=\\"language-ts\\">const a = hello</code></pre>
</p>
"
`;

exports[`html-parse > code frame 2 > text 1`] = `
"@antfu Testing

\`\`\`ts
const a = hello
\`\`\`"
`;

exports[`html-parse > custom emoji > html 1`] = `
"Daniel Roe
<img
  src=\\"https://media.mas.to/masto-public/cache/custom_emojis/images/000/288/667/original/c96ba3cb0e0e1eac.png\\"
  alt=\\":nuxt:\\"
  class=\\"custom-emoji\\"
  data-emoji-id=\\"nuxt\\"
/>
"
`;

exports[`html-parse > custom emoji > text 1`] = `"Daniel Roe :nuxt:"`;

exports[`html-parse > empty > html 1`] = `""`;

exports[`html-parse > empty > text 1`] = `""`;

exports[`html-parse > inline markdown > html 1`] = `"<p>text <code>code</code> <b>bold</b> <em>italic</em> <del>del</del></p><p><pre><code class=\\"language-js\\">code block</code></pre></p>"`;

exports[`html-parse > inline markdown > text 1`] = `
"text \`code\` **bold** *italic* ~~del~~

\`\`\`js
code block
\`\`\`"
`;

exports[`html-parse > link + mention > html 1`] = `
"<p>
  Happy ðŸ¤— weâ€™re now using
  <span class=\\"h-card\\"
    ><a
      href=\\"https://mas.to/@vitest\\"
      class=\\"u-url mention\\"
      rel=\\"nofollow noopener noreferrer\\"
      target=\\"_blank\\"
      >@<span>vitest</span></a
    ></span
  >
  (migrated from chai+mocha)
  <a
    href=\\"https://github.com/ayoayco/astro-reactive-library/pull/203\\"
    rel=\\"nofollow noopener noreferrer\\"
    target=\\"_blank\\"
    ><span class=\\"invisible\\">https://</span
    ><span class=\\"ellipsis\\">github.com/ayoayco/astro-react</span
    ><span class=\\"invisible\\">ive-library/pull/203</span></a
  >
</p>
"
`;

exports[`html-parse > link + mention > text 1`] = `"Happy ðŸ¤— weâ€™re now using @vitest (migrated from chai+mocha) https://github.com/ayoayco/astro-reactive-library/pull/203"`;
